# Phase 13 - Retention, Compaction, Delete Records Log

## Date

- 2026-05-02

## Phase File

- `tips/phases/13-retention-compaction-delete-records.md`

## Intent

- Track retention, compaction, tombstone, and delete-records compatibility work.

## Files Touched

- `tips/phases/13-retention-compaction-delete-records.md`
- `phase-logs/index.json`

## Ledger Rows Touched

- None.

## Tests Added

- None.

## Verification Commands

- `cargo test -p jansu-broker --test compatibility_contract --all-features -- --nocapture`

## Outcomes

- Canonical log created for future Phase 13 attempts.

## Residual Risks

- Storage-engine certification remains incomplete for retention and compaction behavior.
