# Phase 14 - Security, ACLs, Quotas Log

## Date

- 2026-05-02

## Phase File

- `tips/phases/14-security-acls-quotas.md`

## Intent

- Track authentication, authorization, ACL, and quota compatibility work.

## Files Touched

- `tips/phases/14-security-acls-quotas.md`
- `phase-logs/index.json`

## Ledger Rows Touched

- None.

## Tests Added

- None.

## Verification Commands

- `cargo test -p jansu-broker --test compatibility_contract --all-features -- --nocapture`

## Outcomes

- Canonical log created for future Phase 14 attempts.

## Residual Risks

- Secured deployment compatibility remains uncertified until ACL and quota behavior has proof.
